Test file:
If this is in the log file then it works :)
If this is in the log file then it works :)
